13:50:53 **** Build of configuration Debug for project Licenta ****
make all 
make --no-print-directory pre-build
a9-linaro-pre-build-step
' '
make --no-print-directory main-build
'Building file: ../src/axi_dma.c'
'Invoking: ARM v7 gcc compiler'
arm-none-eabi-gcc -Wall -O0 -g3 -c -fmessage-length=0 -MT"src/axi_dma.o" -mcpu=cortex-a9 -mfpu=vfpv3 -mfloat-abi=hard -IC:/Users/patri/Desktop/Li/2/Licenta_Vitis/platform/export/platform/sw/platform/standalone_domain/bspinclude/include -MMD -MP -MF"src/axi_dma.d" -MT"src/axi_dma.o" -o "src/axi_dma.o" "../src/axi_dma.c"
'Finished building: ../src/axi_dma.c'
' '
'Building file: ../src/axi_gpio.c'
'Invoking: ARM v7 gcc compiler'
arm-none-eabi-gcc -Wall -O0 -g3 -c -fmessage-length=0 -MT"src/axi_gpio.o" -mcpu=cortex-a9 -mfpu=vfpv3 -mfloat-abi=hard -IC:/Users/patri/Desktop/Li/2/Licenta_Vitis/platform/export/platform/sw/platform/standalone_domain/bspinclude/include -MMD -MP -MF"src/axi_gpio.d" -MT"src/axi_gpio.o" -o "src/axi_gpio.o" "../src/axi_gpio.c"
'Finished building: ../src/axi_gpio.c'
' '
'Building file: ../src/axi_gpio_1.c'
'Invoking: ARM v7 gcc compiler'
arm-none-eabi-gcc -Wall -O0 -g3 -c -fmessage-length=0 -MT"src/axi_gpio_1.o" -mcpu=cortex-a9 -mfpu=vfpv3 -mfloat-abi=hard -IC:/Users/patri/Desktop/Li/2/Licenta_Vitis/platform/export/platform/sw/platform/standalone_domain/bspinclude/include -MMD -MP -MF"src/axi_gpio_1.d" -MT"src/axi_gpio_1.o" -o "src/axi_gpio_1.o" "../src/axi_gpio_1.c"
'Finished building: ../src/axi_gpio_1.c'
' '
'Building file: ../src/axi_gpio_2.c'
'Invoking: ARM v7 gcc compiler'
arm-none-eabi-gcc -Wall -O0 -g3 -c -fmessage-length=0 -MT"src/axi_gpio_2.o" -mcpu=cortex-a9 -mfpu=vfpv3 -mfloat-abi=hard -IC:/Users/patri/Desktop/Li/2/Licenta_Vitis/platform/export/platform/sw/platform/standalone_domain/bspinclude/include -MMD -MP -MF"src/axi_gpio_2.d" -MT"src/axi_gpio_2.o" -o "src/axi_gpio_2.o" "../src/axi_gpio_2.c"
'Finished building: ../src/axi_gpio_2.c'
' '
'Building file: ../src/axi_timebase_wdt.c'
'Invoking: ARM v7 gcc compiler'
arm-none-eabi-gcc -Wall -O0 -g3 -c -fmessage-length=0 -MT"src/axi_timebase_wdt.o" -mcpu=cortex-a9 -mfpu=vfpv3 -mfloat-abi=hard -IC:/Users/patri/Desktop/Li/2/Licenta_Vitis/platform/export/platform/sw/platform/standalone_domain/bspinclude/include -MMD -MP -MF"src/axi_timebase_wdt.d" -MT"src/axi_timebase_wdt.o" -o "src/axi_timebase_wdt.o" "../src/axi_timebase_wdt.c"
'Finished building: ../src/axi_timebase_wdt.c'
' '
'Building file: ../src/axi_timer.c'
'Invoking: ARM v7 gcc compiler'
arm-none-eabi-gcc -Wall -O0 -g3 -c -fmessage-length=0 -MT"src/axi_timer.o" -mcpu=cortex-a9 -mfpu=vfpv3 -mfloat-abi=hard -IC:/Users/patri/Desktop/Li/2/Licenta_Vitis/platform/export/platform/sw/platform/standalone_domain/bspinclude/include -MMD -MP -MF"src/axi_timer.d" -MT"src/axi_timer.o" -o "src/axi_timer.o" "../src/axi_timer.c"
../src/axi_timer.c: In function 'AXI_Timer_Init':
../src/axi_timer.c:13:42: warning: passing argument 2 of 'XTmrCtr_SetHandler' from incompatible pointer type [-Wincompatible-pointer-types]
   13 |     XTmrCtr_SetHandler(TimerInstancePtr, AXI_Timer_Intr_Handler, TimerInstancePtr);
      |                                          ^~~~~~~~~~~~~~~~~~~~~~
      |                                          |
      |                                          void (*)(void *)
In file included from ../src/axi_timer.h:7,
                 from ../src/axi_timer.c:1:
C:/Users/patri/Desktop/Li/2/Licenta_Vitis/platform/export/platform/sw/platform/standalone_domain/bspinclude/include/xtmrctr.h:319:63: note: expected 'XTmrCtr_Handler' {aka 'void (*)(void *, unsigned char)'} but argument is of type 'void (*)(void *)'
  319 | void XTmrCtr_SetHandler(XTmrCtr *InstancePtr, XTmrCtr_Handler FuncPtr,
      |                                               ~~~~~~~~~~~~~~~~^~~~~~~
'Finished building: ../src/axi_timer.c'
' '
'Building file: ../src/axi_traffic_gen.c'
'Invoking: ARM v7 gcc compiler'
arm-none-eabi-gcc -Wall -O0 -g3 -c -fmessage-length=0 -MT"src/axi_traffic_gen.o" -mcpu=cortex-a9 -mfpu=vfpv3 -mfloat-abi=hard -IC:/Users/patri/Desktop/Li/2/Licenta_Vitis/platform/export/platform/sw/platform/standalone_domain/bspinclude/include -MMD -MP -MF"src/axi_traffic_gen.d" -MT"src/axi_traffic_gen.o" -o "src/axi_traffic_gen.o" "../src/axi_traffic_gen.c"
'Finished building: ../src/axi_traffic_gen.c'
' '
'Building file: ../src/main.c'
'Invoking: ARM v7 gcc compiler'
arm-none-eabi-gcc -Wall -O0 -g3 -c -fmessage-length=0 -MT"src/main.o" -mcpu=cortex-a9 -mfpu=vfpv3 -mfloat-abi=hard -IC:/Users/patri/Desktop/Li/2/Licenta_Vitis/platform/export/platform/sw/platform/standalone_domain/bspinclude/include -MMD -MP -MF"src/main.d" -MT"src/main.o" -o "src/main.o" "../src/main.c"
'Finished building: ../src/main.c'
' '
'Building file: ../src/platform.c'
'Invoking: ARM v7 gcc compiler'
arm-none-eabi-gcc -Wall -O0 -g3 -c -fmessage-length=0 -MT"src/platform.o" -mcpu=cortex-a9 -mfpu=vfpv3 -mfloat-abi=hard -IC:/Users/patri/Desktop/Li/2/Licenta_Vitis/platform/export/platform/sw/platform/standalone_domain/bspinclude/include -MMD -MP -MF"src/platform.d" -MT"src/platform.o" -o "src/platform.o" "../src/platform.c"
'Finished building: ../src/platform.c'
' '
'Building target: Licenta.elf'
'Invoking: ARM v7 gcc linker'
arm-none-eabi-gcc -mcpu=cortex-a9 -mfpu=vfpv3 -mfloat-abi=hard -Wl,-build-id=none -specs=Xilinx.spec -Wl,-T -Wl,../src/lscript.ld -LC:/Users/patri/Desktop/Li/2/Licenta_Vitis/platform/export/platform/sw/platform/standalone_domain/bsplib/lib -o "Licenta.elf"  ./src/axi_dma.o ./src/axi_gpio.o ./src/axi_gpio_1.o ./src/axi_gpio_2.o ./src/axi_timebase_wdt.o ./src/axi_timer.o ./src/axi_traffic_gen.o ./src/main.o ./src/platform.o   -Wl,--start-group,-lxil,-lgcc,-lc,--end-group
'Finished building target: Licenta.elf'
' '
'Invoking: ARM v7 Print Size'
arm-none-eabi-size Licenta.elf  |tee "Licenta.elf.size"
   text	   data	    bss	    dec	    hex	filename
  51788	   3120	  22800	  77708	  12f8c	Licenta.elf
'Finished building: Licenta.elf.size'
' '

13:50:55 Build Finished (took 1s.525ms)

